// Jest Snapshot v1, https://goo.gl/fbAQLP

exports[`MessageInput should render correctly 1`] = `
<View
  style={
    Object {
      "alignItems": "flex-end",
      "flexDirection": "column",
      "marginVertical": 10,
      "paddingHorizontal": 20,
    }
  }
>
  <View
    style={
      Object {
        "backgroundColor": "#4b9cba",
        "borderBottomLeftRadius": 12,
        "borderBottomRightRadius": 12,
        "borderTopLeftRadius": 12,
        "marginBottom": 4,
        "maxWidth": "60%",
        "paddingHorizontal": 10,
        "paddingVertical": 12,
      }
    }
  >
    <Text
      style={
        Object {
          "fontSize": 14,
        }
      }
    >
      test
    </Text>
  </View>
  <Text
    style={
      Object {
        "fontSize": 10,
      }
    }
  >
    00:02
  </Text>
</View>
`;
